{
  "schema_version": 2,
  "run_id": "gzrun-f0aa319adf342003c9d9f535",
  "sequence_id": "gzrun-f0aa319adf342003c9d9f535",
  "config_sha256": "f0aa319adf342003c9d9f53599b0ecdf93c6f1a7149f2eacdb1914717c63a2a3",
  "code_sha256": "134c3ad7380698db0589805e5b1f6c475e9472a925aecc34c91fef4891e97c2a",
  "recording_kind": "px4_flight",
  "gazebo_sim_version": "8.15.0",
  "gazebo_state_sha256": "6f882b300b24c9204ffdd9b8a2df11e68954dfa02a36a59c8442ab1e8edf12ea",
  "frozen_calibration_sha256": "37b7dd7718393a32a5ef5c0b0b3d0801a968ed338b98e645f73e71b5d7fb7a19",
  "frozen_calibration_source": "three_station_audio_calibration.csv",
  "seed": 20260920,
  "snr_db": 10.0,
  "audio_sampling_rate_hz": 48000.0,
  "gazebo_export_rate_hz": 50.0,
  "audio_duration_s": 17.020000000000003,
  "audio_source_sample_count": 819380,
  "audio_source_start_time_s": 45.74233497779232,
  "minimum_emission_time_s": 45.74770997779232,
  "maximum_emission_time_s": 62.80736587008618,
  "recording_support_s": [
    10.964,
    90.024
  ],
  "maximum_export_gap_s": 0.020000000000010232,
  "maximum_interpolated_speed_mps": 3.0946669375080043,
  "frame_length": 1024,
  "hop_length": 512,
  "tracker_frame_stride": 32,
  "frontend_wall_runtime_s": 34.01811461200009,
  "methods": {
    "all_6_equal_gcc_wls": {
      "bearing_frames": 4782,
      "valid_bearing_frames": 4782,
      "publication_count": 150,
      "valid_publication_count": 141,
      "availability_fraction": 0.94,
      "coverage_fraction_conditional": 1.0,
      "position_rmse_m_conditional": 0.2487773896571907,
      "position_p95_m_conditional": 0.5262328289189512,
      "maximum_observed_error_m": 0.8963391631012015,
      "track_loss_count": 0,
      "first_confirmation_time_s": 47.0193125,
      "final_valid": true,
      "accepted_update_count": 138,
      "rejected_update_count": 2,
      "failure_reasons": {
        "initialization_failed:no_observable_hypothesis": 5,
        "tentative_initialization_unconfirmed": 4
      },
      "update_rejection_reasons": {
        "emission_outside_history": 2
      },
      "final_failure_reason": "",
      "phase_metrics": {
        "hover_before": {
          "start_s": 46.464,
          "end_s": 49.464,
          "publication_count": 27,
          "valid_publication_count": 24,
          "availability_fraction": 0.8888888888888888,
          "position_rmse_m_conditional": 0.08886637876121768,
          "position_p95_m_conditional": 0.1410109987910953,
          "maximum_observed_error_m": 0.16464752820866704,
          "accepted_update_count": 21,
          "rejected_update_count": 2,
          "track_loss_count": 0,
          "failure_reasons": {
            "tentative_initialization_unconfirmed": 3
          }
        },
        "straight": {
          "start_s": 49.464,
          "end_s": 54.464,
          "publication_count": 42,
          "valid_publication_count": 42,
          "availability_fraction": 1.0,
          "position_rmse_m_conditional": 0.29090993693217193,
          "position_p95_m_conditional": 0.5620532235537947,
          "maximum_observed_error_m": 0.8963391631012015,
          "accepted_update_count": 45,
          "rejected_update_count": 0,
          "track_loss_count": 0,
          "failure_reasons": {}
        },
        "turn": {
          "start_s": 54.464,
          "end_s": 59.464,
          "publication_count": 45,
          "valid_publication_count": 45,
          "availability_fraction": 1.0,
          "position_rmse_m_conditional": 0.20406058042767264,
          "position_p95_m_conditional": 0.3435242869914728,
          "maximum_observed_error_m": 0.3538334599699993,
          "accepted_update_count": 45,
          "rejected_update_count": 0,
          "track_loss_count": 0,
          "failure_reasons": {}
        },
        "hover_after": {
          "start_s": 59.464,
          "end_s": 62.484,
          "publication_count": 27,
          "valid_publication_count": 27,
          "availability_fraction": 1.0,
          "position_rmse_m_conditional": 0.33808166332948925,
          "position_p95_m_conditional": 0.6717083511204134,
          "maximum_observed_error_m": 0.6865700408420363,
          "accepted_update_count": 25,
          "rejected_update_count": 0,
          "track_loss_count": 0,
          "failure_reasons": {}
        }
      }
    },
    "equal_weight_srp_phat": {
      "bearing_frames": 4782,
      "valid_bearing_frames": 4782,
      "publication_count": 150,
      "valid_publication_count": 141,
      "availability_fraction": 0.94,
      "coverage_fraction_conditional": 1.0,
      "position_rmse_m_conditional": 0.24884573398048027,
      "position_p95_m_conditional": 0.5248870715320828,
      "maximum_observed_error_m": 0.8951242308331117,
      "track_loss_count": 0,
      "first_confirmation_time_s": 47.0193125,
      "final_valid": true,
      "accepted_update_count": 138,
      "rejected_update_count": 2,
      "failure_reasons": {
        "initialization_failed:no_observable_hypothesis": 5,
        "tentative_initialization_unconfirmed": 4
      },
      "update_rejection_reasons": {
        "emission_outside_history": 2
      },
      "final_failure_reason": "",
      "phase_metrics": {
        "hover_before": {
          "start_s": 46.464,
          "end_s": 49.464,
          "publication_count": 27,
          "valid_publication_count": 24,
          "availability_fraction": 0.8888888888888888,
          "position_rmse_m_conditional": 0.08949555387934477,
          "position_p95_m_conditional": 0.14125141952189002,
          "maximum_observed_error_m": 0.16720838209062647,
          "accepted_update_count": 21,
          "rejected_update_count": 2,
          "track_loss_count": 0,
          "failure_reasons": {
            "tentative_initialization_unconfirmed": 3
          }
        },
        "straight": {
          "start_s": 49.464,
          "end_s": 54.464,
          "publication_count": 42,
          "valid_publication_count": 42,
          "availability_fraction": 1.0,
          "position_rmse_m_conditional": 0.29037494719474294,
          "position_p95_m_conditional": 0.5607642025756205,
          "maximum_observed_error_m": 0.8951242308331117,
          "accepted_update_count": 45,
          "rejected_update_count": 0,
          "track_loss_count": 0,
          "failure_reasons": {}
        },
        "turn": {
          "start_s": 54.464,
          "end_s": 59.464,
          "publication_count": 45,
          "valid_publication_count": 45,
          "availability_fraction": 1.0,
          "position_rmse_m_conditional": 0.20564016795320952,
          "position_p95_m_conditional": 0.34684022677678994,
          "maximum_observed_error_m": 0.3586026139735983,
          "accepted_update_count": 45,
          "rejected_update_count": 0,
          "track_loss_count": 0,
          "failure_reasons": {}
        },
        "hover_after": {
          "start_s": 59.464,
          "end_s": 62.484,
          "publication_count": 27,
          "valid_publication_count": 27,
          "availability_fraction": 1.0,
          "position_rmse_m_conditional": 0.3373570666344052,
          "position_p95_m_conditional": 0.6703691593508586,
          "maximum_observed_error_m": 0.6814875018805535,
          "accepted_update_count": 25,
          "rejected_update_count": 0,
          "track_loss_count": 0,
          "failure_reasons": {}
        }
      }
    }
  }
}
