	Command being timed: ".venv/bin/python -m validation.gazebo_offline_run process results/px4_flight/pilot_003"
	User time (seconds): 127.16
	System time (seconds): 2.86
	Percent of CPU this job got: 234%
	Elapsed (wall clock) time (h:mm:ss or m:ss): 0:55.44
	Average shared text size (kbytes): 0
	Average unshared data size (kbytes): 0
	Average stack size (kbytes): 0
	Average total size (kbytes): 0
	Maximum resident set size (kbytes): 1112932
	Average resident set size (kbytes): 0
	Major (requiring I/O) page faults: 0
	Minor (reclaiming a frame) page faults: 2155626
	Voluntary context switches: 157
	Involuntary context switches: 521
	Swaps: 0
	File system inputs: 0
	File system outputs: 17208
	Socket messages sent: 0
	Socket messages received: 0
	Signals delivered: 0
	Page size (bytes): 4096
	Exit status: 0
