
______  __   __    ___ 
| ___ \ \ \ / /   /   |
| |_/ /  \ V /   / /| |
|  __/   /   \  / /_| |
| |     / /^\ \ \___  |
\_|     \/   \/     |_/

px4 starting.

INFO  [px4] startup script: /bin/sh etc/init.d-posix/rcS 0
INFO  [init] found model autostart file as SYS_AUTOSTART=4001
INFO  [param] selected parameter default file parameters.bson
INFO  [param] importing from 'parameters.bson'
INFO  [parameters] BSON document size 399 bytes, decoded 399 bytes (INT32:16, FLOAT:4)
INFO  [param] selected parameter backup file parameters_backup.bson
ERROR [param] Parameter UXRCE_DDS_KEY not found.
ERROR [param] Parameter UXRCE_DDS_AG_IP not found.
INFO  [dataman] data manager file './dataman' size is 1208528 bytes
INFO  [init] Gazebo simulator 8.15.0
INFO  [init] Standalone PX4 launch, waiting for Gazebo
INFO  [init] Gazebo world is ready
INFO  [init] Gazebo model pose: 35 35 0 0 0 0
INFO  [init] Spawning Gazebo model
INFO  [lockstep_scheduler] setting initial absolute time to 11844000 us
INFO  [gz_bridge] world: px4_acoustic, model: x500_0
INFO  [commander] LED: open /dev/led0 failed (22)
WARN  [health_and_arming_checks] Preflight Fail: ekf2 missing data
WARN  [health_and_arming_checks] Preflight Fail: No connection to the GCS
INFO  [tone_alarm] home set
ERROR [param] Parameter UXRCE_DDS_DOM_ID not found.
etc/init.d-posix/rcS: 324: uxrce_dds_client: not found
INFO  [mavlink] mode: Normal, data rate: 4000000 B/s on udp port 18570 remote port 14550
INFO  [mavlink] mode: Onboard, data rate: 4000000 B/s on udp port 14580 remote port 14540
INFO  [mavlink] mode: Onboard, data rate: 4000 B/s on udp port 14280 remote port 14030
INFO  [mavlink] mode: Gimbal, data rate: 400000 B/s on udp port 13030 remote port 13280
INFO  [logger] logger started (mode=all)
INFO  [logger] Start file log (type: full)
INFO  [logger] [logger] ./log/2026-09-20/15_12_43.ulg	
INFO  [logger] Opened full log file: ./log/2026-09-20/15_12_43.ulg
INFO  [mavlink] MAVLink only on localhost (set param MAV_{i}_BROADCAST = 1 to enable network)
INFO  [mavlink] MAVLink only on localhost (set param MAV_{i}_BROADCAST = 1 to enable network)
INFO  [px4] Startup script returned successfully
WARN  [health_and_arming_checks] Preflight Fail: No connection to the GCS
WARN  [health_and_arming_checks] Preflight Fail: No connection to the GCS
INFO  [mavlink] partner IP: 127.0.0.1
INFO  [commander] [32mReady for takeoff![0m
INFO  [commander] Armed by external command	
INFO  [tone_alarm] arming warning
INFO  [navigator] Using default takeoff altitude: 16.0 m	
INFO  [commander] Takeoff detected	
INFO  [mavlink] partner IP: 127.0.0.1
INFO  [commander] Landing at current position	
INFO  [commander] Landing detected	
INFO  [commander] Disarmed by landing	
INFO  [tone_alarm] notify neutral
INFO  [logger] closed logfile, bytes written: 21826804

PX4 Exiting...
Exiting NOW.
