[1/120] completed 000_single_turn_geometry_control_d50_snr10_r0_range-f89fcb7eedc3335dc1315d84
[2/120] completed 001_single_turn_geometry_control_d100_snr10_r0_range-a96e1fd65cd312086b4cf3ef
[3/120] completed 002_single_turn_geometry_control_d200_snr10_r0_range-272dde7dd08ac45c22d609f9
[4/120] completed 003_single_turn_geometry_control_d400_snr10_r0_range-78be84b1f71af5d1f2e0b5f9
[5/120] completed 004_single_turn_geometry_control_d700_snr10_r0_range-858892c886a576ff30a1e939
[6/120] completed 005_single_turn_geometry_control_d1000_snr10_r0_range-182f7197b77b08ae389c96e2
[7/120] completed 006_opposite_turns_geometry_control_d50_snr10_r0_range-c98f1529e37677b08e30f700
[8/120] completed 007_opposite_turns_geometry_control_d100_snr10_r0_range-09566a755abdcd3152fd06a2
[9/120] completed 008_opposite_turns_geometry_control_d200_snr10_r0_range-a8865603f5b0100fb597490c
[10/120] completed 009_opposite_turns_geometry_control_d400_snr10_r0_range-d50f18cf1a39e2e16bab8348
[11/120] completed 010_opposite_turns_geometry_control_d700_snr10_r0_range-62f93e0cb51c04249c66dded
[12/120] completed 011_opposite_turns_geometry_control_d1000_snr10_r0_range-0be4d95d7a9294b9aeacd500
[13/120] completed 012_single_turn_fixed_background_d50_snr0_r0_range-f8940bd44d279869e5466133
[14/120] completed 013_single_turn_fixed_background_d50_snr0_r1_range-0bd220e8c939e25a7b01356d
[15/120] completed 014_single_turn_fixed_background_d50_snr0_r2_range-abdfeee4ec4e6cbb9e707ae9
[16/120] completed 015_single_turn_fixed_background_d50_snr10_r0_range-52f3e3b8f015096af1ea6501
[17/120] completed 016_single_turn_fixed_background_d50_snr10_r1_range-93d708eb80a8a91f117ccffd
[18/120] completed 017_single_turn_fixed_background_d50_snr10_r2_range-6487846b390f69c248efde48
[19/120] completed 018_single_turn_fixed_background_d50_snr20_r0_range-e281adc9d29af7fe956d805d
[20/120] completed 019_single_turn_fixed_background_d50_snr20_r1_range-bb1ece470eeded22addb2ea6
[21/120] completed 020_single_turn_fixed_background_d50_snr20_r2_range-58f5bb9c0443629410c0d89a
[22/120] completed 021_single_turn_fixed_background_d100_snr0_r0_range-dc10fceff25db1a1a5df1d5a
[23/120] completed 022_single_turn_fixed_background_d100_snr0_r1_range-6f863dd0c257587dcdc5c208
[24/120] completed 023_single_turn_fixed_background_d100_snr0_r2_range-4a7fcc6a712abad62938e495
[25/120] completed 024_single_turn_fixed_background_d100_snr10_r0_range-005d490d1d5fcfeb21f5b0a6
[26/120] completed 025_single_turn_fixed_background_d100_snr10_r1_range-9c521ce0ced3719cd57f0c05
[27/120] completed 026_single_turn_fixed_background_d100_snr10_r2_range-755fdf80486073e663828037
[28/120] completed 027_single_turn_fixed_background_d100_snr20_r0_range-512578ed13086454aa010d7b
[29/120] completed 028_single_turn_fixed_background_d100_snr20_r1_range-26a569cbc536c726dcabfdd1
[30/120] completed 029_single_turn_fixed_background_d100_snr20_r2_range-687282ad19038f5c3633fb16
[31/120] completed 030_single_turn_fixed_background_d200_snr0_r0_range-1b37e66b7df848945088761e
[32/120] completed 031_single_turn_fixed_background_d200_snr0_r1_range-8c10637a9dec7e9f0a730910
[33/120] completed 032_single_turn_fixed_background_d200_snr0_r2_range-3248b23e094be5de9bad2e86
[34/120] completed 033_single_turn_fixed_background_d200_snr10_r0_range-32322dcddd3894bbf73b8b55
[35/120] completed 034_single_turn_fixed_background_d200_snr10_r1_range-d1788cefbbf85f86ed65d3aa
[36/120] completed 035_single_turn_fixed_background_d200_snr10_r2_range-ed3c3b2bb4d8d37f99ccae87
[37/120] completed 036_single_turn_fixed_background_d200_snr20_r0_range-4125ee4e4d3c0c884e260cbc
[38/120] completed 037_single_turn_fixed_background_d200_snr20_r1_range-f24ce0345e7de6421726749b
[39/120] completed 038_single_turn_fixed_background_d200_snr20_r2_range-fd86a5a1c5055ea7d2f45f12
[40/120] completed 039_single_turn_fixed_background_d400_snr0_r0_range-6226b1780a8e2d97ad7ffbc1
[41/120] completed 040_single_turn_fixed_background_d400_snr0_r1_range-5bc3078416006c465459485c
[42/120] completed 041_single_turn_fixed_background_d400_snr0_r2_range-16da327f037dcf04ca9b210f
[43/120] completed 042_single_turn_fixed_background_d400_snr10_r0_range-29328729fb8adf0d3c3d83df
[44/120] completed 043_single_turn_fixed_background_d400_snr10_r1_range-547f135bcf8f3aa0258eb810
[45/120] completed 044_single_turn_fixed_background_d400_snr10_r2_range-51b9f2571df6b347fd8abb01
[46/120] completed 045_single_turn_fixed_background_d400_snr20_r0_range-04bf547e2327e560a8161288
[47/120] completed 046_single_turn_fixed_background_d400_snr20_r1_range-338db4e53fb96370993e6f29
[48/120] completed 047_single_turn_fixed_background_d400_snr20_r2_range-1eaa96fb9333d2c433bad8c6
[49/120] completed 048_single_turn_fixed_background_d700_snr0_r0_range-0ff7a52589362a4553e11659
[50/120] completed 049_single_turn_fixed_background_d700_snr0_r1_range-347b4f1cd59e1636e8dba3b1
[51/120] completed 050_single_turn_fixed_background_d700_snr0_r2_range-cc1f9abfc53c3b997578741c
[52/120] completed 051_single_turn_fixed_background_d700_snr10_r0_range-46271182c56a3b0bf8bcd319
[53/120] completed 052_single_turn_fixed_background_d700_snr10_r1_range-5839f4af5f28b69364b364f2
[54/120] completed 053_single_turn_fixed_background_d700_snr10_r2_range-cf66c5eae0e228ee702597d7
[55/120] completed 054_single_turn_fixed_background_d700_snr20_r0_range-216729dd9cce622dcf59781d
[56/120] completed 055_single_turn_fixed_background_d700_snr20_r1_range-48dbabaac708801ef4dd8525
[57/120] completed 056_single_turn_fixed_background_d700_snr20_r2_range-c3cbc786306f4518745c9105
[58/120] completed 057_single_turn_fixed_background_d1000_snr0_r0_range-bb0880c45d9a689d6182e8c1
[59/120] completed 058_single_turn_fixed_background_d1000_snr0_r1_range-9dfe562878f7b34321ca4b5f
[60/120] completed 059_single_turn_fixed_background_d1000_snr0_r2_range-455349302a6fff0a7d7cdf53
[61/120] completed 060_single_turn_fixed_background_d1000_snr10_r0_range-41691f87ccf283c5542bcb0a
[62/120] completed 061_single_turn_fixed_background_d1000_snr10_r1_range-61aa70fe53f59e5908252f7b
[63/120] completed 062_single_turn_fixed_background_d1000_snr10_r2_range-ec2450f660b25ddf4d23103e
[64/120] completed 063_single_turn_fixed_background_d1000_snr20_r0_range-d3cb3793e79cee9a9360b11f
[65/120] completed 064_single_turn_fixed_background_d1000_snr20_r1_range-7a287f3a2331042a01e4f2d9
[66/120] completed 065_single_turn_fixed_background_d1000_snr20_r2_range-f5cbae74c621071eeb0024d2
[67/120] completed 066_opposite_turns_fixed_background_d50_snr0_r0_range-462c48c5a30159e40e51fa68
[68/120] completed 067_opposite_turns_fixed_background_d50_snr0_r1_range-2296b74304147cd886704258
[69/120] completed 068_opposite_turns_fixed_background_d50_snr0_r2_range-b1e95073a131c167537eed71
[70/120] completed 069_opposite_turns_fixed_background_d50_snr10_r0_range-63cde01463af66abce126d81
[71/120] completed 070_opposite_turns_fixed_background_d50_snr10_r1_range-93bc3063a18b21e5e1b7ff15
[72/120] completed 071_opposite_turns_fixed_background_d50_snr10_r2_range-00fc4880e44d3fefa8c6bfc6
[73/120] completed 072_opposite_turns_fixed_background_d50_snr20_r0_range-87fea9fcad95aa726c06a57d
[74/120] completed 073_opposite_turns_fixed_background_d50_snr20_r1_range-d114f6671171aaf9f4d0f120
[75/120] completed 074_opposite_turns_fixed_background_d50_snr20_r2_range-73ca2ce1817f0d221967c68e
[76/120] completed 075_opposite_turns_fixed_background_d100_snr0_r0_range-f0418398b052dc18db08ff45
[77/120] completed 076_opposite_turns_fixed_background_d100_snr0_r1_range-005f728159867defc5d8abfd
[78/120] completed 077_opposite_turns_fixed_background_d100_snr0_r2_range-d5d6588b608d8526ca0138ee
[79/120] completed 078_opposite_turns_fixed_background_d100_snr10_r0_range-1c1788dab97dee7b676845db
[80/120] completed 079_opposite_turns_fixed_background_d100_snr10_r1_range-8a0f130ed92ef37050e6c1a4
[81/120] completed 080_opposite_turns_fixed_background_d100_snr10_r2_range-8faa49202ed45253c9c3cbd7
[82/120] completed 081_opposite_turns_fixed_background_d100_snr20_r0_range-60acb981d2fc82f03c7754ba
[83/120] completed 082_opposite_turns_fixed_background_d100_snr20_r1_range-3e38c120ca63def7e6d81ae1
[84/120] completed 083_opposite_turns_fixed_background_d100_snr20_r2_range-bceb557b2c5ce32b59481f98
[85/120] completed 084_opposite_turns_fixed_background_d200_snr0_r0_range-2829c2b725343fd7a277e2b9
[86/120] completed 085_opposite_turns_fixed_background_d200_snr0_r1_range-12246db3cb3eb9e39c499a90
[87/120] completed 086_opposite_turns_fixed_background_d200_snr0_r2_range-4f2afa19244ffcf74f96209e
[88/120] completed 087_opposite_turns_fixed_background_d200_snr10_r0_range-dc52d4550329e38117b3e77f
[89/120] completed 088_opposite_turns_fixed_background_d200_snr10_r1_range-7c87a6bf8538718c6c20b33b
[90/120] completed 089_opposite_turns_fixed_background_d200_snr10_r2_range-383211d6303c5e9d7060970f
[91/120] completed 090_opposite_turns_fixed_background_d200_snr20_r0_range-d92527dbe7fbe5f38c029024
[92/120] completed 091_opposite_turns_fixed_background_d200_snr20_r1_range-5045a7a7ae5797c08bbe6040
[93/120] completed 092_opposite_turns_fixed_background_d200_snr20_r2_range-1f964fed6c7da76e33e6f782
[94/120] completed 093_opposite_turns_fixed_background_d400_snr0_r0_range-8b59884adf3d72c0c2a2fe6c
[95/120] completed 094_opposite_turns_fixed_background_d400_snr0_r1_range-1817e91886a0b30136ed1d15
[96/120] completed 095_opposite_turns_fixed_background_d400_snr0_r2_range-839dce752c29c0758e25957b
[97/120] completed 096_opposite_turns_fixed_background_d400_snr10_r0_range-d2f367468b7fbbd993961233
[98/120] completed 097_opposite_turns_fixed_background_d400_snr10_r1_range-a5c35b5a1858d82f79a4c6f7
[99/120] completed 098_opposite_turns_fixed_background_d400_snr10_r2_range-3f26e540fc31ba7d6b68d6a7
[100/120] completed 099_opposite_turns_fixed_background_d400_snr20_r0_range-e954ee650a590e68b8812793
[101/120] completed 100_opposite_turns_fixed_background_d400_snr20_r1_range-87554f7a07871f1a893d1324
[102/120] completed 101_opposite_turns_fixed_background_d400_snr20_r2_range-d3ed5fe843aaa72fa189b5aa
[103/120] completed 102_opposite_turns_fixed_background_d700_snr0_r0_range-fb8cb90de87d5f09823caa9a
[104/120] completed 103_opposite_turns_fixed_background_d700_snr0_r1_range-5936de98577cf2f0dbfca7e5
[105/120] completed 104_opposite_turns_fixed_background_d700_snr0_r2_range-6bb10e109e17559e66c4810c
[106/120] completed 105_opposite_turns_fixed_background_d700_snr10_r0_range-82e21aeb73f9c436fd38d158
[107/120] completed 106_opposite_turns_fixed_background_d700_snr10_r1_range-68ccb81957c249127ce75b38
[108/120] completed 107_opposite_turns_fixed_background_d700_snr10_r2_range-cd173ef493512b7b8ac21b63
[109/120] completed 108_opposite_turns_fixed_background_d700_snr20_r0_range-ed5f6e7357c7ff20c5f27f78
[110/120] completed 109_opposite_turns_fixed_background_d700_snr20_r1_range-ae264e7bfe78c3cae00be285
[111/120] completed 110_opposite_turns_fixed_background_d700_snr20_r2_range-0605984d7a4c2dc41abc2e0f
[112/120] completed 111_opposite_turns_fixed_background_d1000_snr0_r0_range-d9785a6bec9a41bc1500e1a9
[113/120] completed 112_opposite_turns_fixed_background_d1000_snr0_r1_range-8c6688fa6fc56e1d47db3812
[114/120] completed 113_opposite_turns_fixed_background_d1000_snr0_r2_range-e890e9e0b2c246bfaa22f657
[115/120] completed 114_opposite_turns_fixed_background_d1000_snr10_r0_range-07e79c2b7a8e71057e4bf6b3
[116/120] completed 115_opposite_turns_fixed_background_d1000_snr10_r1_range-830a498b1d2b0fcb9040cfaa
[117/120] completed 116_opposite_turns_fixed_background_d1000_snr10_r2_range-fa076b632ecf4b3689250263
[118/120] completed 117_opposite_turns_fixed_background_d1000_snr20_r0_range-6cd748d4380b70e1f7014aec
[119/120] completed 118_opposite_turns_fixed_background_d1000_snr20_r1_range-9f15b0a90e5750e5882fb2d4
[120/120] completed 119_opposite_turns_fixed_background_d1000_snr20_r2_range-4ec2ed01f43a6bb6862d55d2
{
  "completed_now": 120,
  "skipped_verified": 0,
  "total": 120,
  "wall_runtime_s": 21430.282653438997
}
